\BOOKMARK [1][]{section.1}{\376\377\0001\000\040\200\314\146\157\116\016\122\250\147\072}{}% 1
\BOOKMARK [2][]{subsection.1.1}{\376\377\0001\000.\0001\000\040\116\316\000\040\000P\000o\000l\000i\000c\000y\000\040\000G\000r\000a\000d\000i\000e\000n\000t\000\040\122\060\000\040\000P\000P\000O}{section.1}% 2
\BOOKMARK [2][]{subsection.1.2}{\376\377\0001\000.\0002\000\040\000P\000P\000O\000\040\166\204\213\276\213\241\166\356\150\007}{section.1}% 3
\BOOKMARK [1][]{section.2}{\376\377\0002\000\040\150\007\121\306\173\126\165\145\150\257\136\246\127\372\170\100}{}% 4
\BOOKMARK [2][]{subsection.2.1}{\376\377\0002\000.\0001\000\040\166\356\150\007\121\375\145\160}{section.2}% 5
\BOOKMARK [2][]{subsection.2.2}{\376\377\0002\000.\0002\000\040\173\126\165\145\150\257\136\246\133\232\164\006}{section.2}% 6
\BOOKMARK [2][]{subsection.2.3}{\376\377\0002\000.\0003\000\040\117\052\166\356\150\007\121\375\145\160}{section.2}% 7
\BOOKMARK [1][]{section.3}{\376\377\0003\000\040\220\032\217\307\221\315\211\201\140\047\221\307\150\067\166\204\171\273\173\126\165\145\133\146\116\140}{}% 8
\BOOKMARK [2][]{subsection.3.1}{\376\377\0003\000.\0001\000\040\171\273\173\126\165\145\133\146\116\140\166\204\137\305\211\201\140\047}{section.3}% 9
\BOOKMARK [2][]{subsection.3.2}{\376\377\0003\000.\0002\000\040\221\315\211\201\140\047\221\307\150\067\140\122\173\111\137\017}{section.3}% 10
\BOOKMARK [2][]{subsection.3.3}{\376\377\0003\000.\0003\000\040\151\202\163\207\153\324}{section.3}% 11
\BOOKMARK [2][]{subsection.3.4}{\376\377\0003\000.\0004\000\040\117\335\133\210\173\126\165\145\217\355\116\343\000\040\000\050\000C\000P\000I\000\051\000\040\166\356\150\007}{section.3}% 12
\BOOKMARK [1][]{section.4}{\376\377\0004\000\040\170\064\127\117\140\047\146\364\145\260\166\204\123\161\226\151}{}% 13
\BOOKMARK [2][]{subsection.4.1}{\376\377\0004\000.\0001\000\040\116\072\116\300\116\110\145\340\176\246\147\137\166\204\000\040\000L\000C\000P\000I\000\040\146\057\123\161\226\151\166\204}{section.4}% 14
\BOOKMARK [2][]{subsection.4.2}{\376\377\0004\000.\0002\000\040\116\000\226\066\377\010\176\277\140\047\377\011\217\321\117\074\226\167\226\061}{section.4}% 15
\BOOKMARK [2][]{subsection.4.3}{\376\377\0004\000.\0003\000\040\000T\000R\000P\000O\000\040\166\204\211\343\121\263\145\271\150\110\377\032\170\154\000\040\000K\000L\000\040\176\246\147\137}{section.4}% 16
\BOOKMARK [2][]{subsection.4.4}{\376\377\0004\000.\0004\000\040\000F\000i\000s\000h\000e\000r\000\040\000I\000n\000f\000o\000r\000m\000a\000t\000i\000o\000n\000\040\000M\000a\000t\000r\000i\000x\000\040\126\151\150\246}{section.4}% 17
\BOOKMARK [2][]{subsection.4.5}{\376\377\0004\000.\0005\000\040\000P\000P\000O\000\040\166\204\135\347\131\231\211\343\121\263\145\271\150\110}{section.4}% 18
\BOOKMARK [1][]{section.5}{\376\377\0005\000\040\000P\000P\000O\000\040\210\301\122\152\116\343\164\006\166\356\150\007}{}% 19
\BOOKMARK [2][]{subsection.5.1}{\376\377\0005\000.\0001\000\040\210\301\122\152\123\072\225\364}{section.5}% 20
\BOOKMARK [2][]{subsection.5.2}{\376\377\0005\000.\0002\000\040\210\301\122\152\116\343\164\006\166\356\150\007\133\232\116\111}{section.5}% 21
\BOOKMARK [2][]{subsection.5.3}{\376\377\0005\000.\0003\000\040\150\110\117\213\122\006\147\220\377\032\210\301\122\152\147\072\122\066\131\202\117\125\135\345\117\134}{section.5}% 22
\BOOKMARK [3][]{subsubsection.5.3.1}{\376\377\0005\000.\0003\000.\0001\000\040\000C\000a\000s\000e\000\040\0001\000:\000\040\153\143\117\030\122\277\000\040\000\050\000t\000\040\000>\000\040\0000\000\051}{subsection.5.3}% 23
\BOOKMARK [3][]{subsubsection.5.3.2}{\376\377\0005\000.\0003\000.\0002\000\040\000C\000a\000s\000e\000\040\0002\000:\000\040\215\037\117\030\122\277\000\040\000\050\000t\000\040\000<\000\040\0000\000\051}{subsection.5.3}% 24
\BOOKMARK [2][]{subsection.5.4}{\376\377\0005\000.\0004\000\040\175\047\140\045\122\066\122\250\147\072\122\066}{section.5}% 25
\BOOKMARK [2][]{subsection.5.5}{\376\377\0005\000.\0005\000\040\145\160\133\146\140\073\176\323\377\032\210\301\122\152\131\202\117\125\217\353\117\177\150\257\136\246\116\072\226\366}{section.5}% 26
\BOOKMARK [1][]{section.6}{\376\377\0006\000\040\133\214\145\164\000\040\000P\000P\000O\000\040\166\356\150\007\121\375\145\160}{}% 27
\BOOKMARK [2][]{subsection.6.1}{\376\377\0006\000.\0001\000\040\136\046\116\367\120\074\121\375\145\160\124\214\161\265\131\126\122\261\166\204\133\214\145\164\166\356\150\007}{section.6}% 28
\BOOKMARK [2][]{subsection.6.2}{\376\377\0006\000.\0002\000\040\176\304\116\366\000\040\0001\377\032\210\301\122\152\116\343\164\006\166\356\150\007\000\040\000L\000C\000L\000I\000P}{section.6}% 29
\BOOKMARK [2][]{subsection.6.3}{\376\377\0006\000.\0003\000\040\176\304\116\366\000\040\0002\377\032\116\367\120\074\121\375\145\160\143\137\131\061\000\040\000L\000V\000F}{section.6}% 30
\BOOKMARK [2][]{subsection.6.4}{\376\377\0006\000.\0004\000\040\176\304\116\366\000\040\0003\377\032\161\265\131\126\122\261\000\040\000S\000[\000]}{section.6}% 31
\BOOKMARK [1][]{section.7}{\376\377\0007\000\040\117\030\122\277\117\060\213\241}{}% 32
\BOOKMARK [2][]{subsection.7.1}{\376\377\0007\000.\0001\000\040\000[\000M\000n\000i\000+\0001\0006\000]\000\040\230\316\150\074\377\032\142\052\145\255\000\040\000h\000o\000r\000i\000z\000o\000n}{section.7}% 33
\BOOKMARK [2][]{subsection.7.2}{\376\377\0007\000.\0002\000\040\142\052\145\255\117\060\213\241\126\150\377\010\121\154\137\017\000\040\0001\0000\377\011}{section.7}% 34
\BOOKMARK [2][]{subsection.7.3}{\376\377\0007\000.\0003\000\040\136\177\116\111\117\030\122\277\117\060\213\241\000\040\000\050\000G\000A\000E\000\051}{section.7}% 35
\BOOKMARK [2][]{subsection.7.4}{\376\377\0007\000.\0004\000\040\116\316\173\054\116\000\140\047\123\237\164\006\143\250\133\374\000\040\000G\000A\000E}{section.7}% 36
\BOOKMARK [2][]{subsection.7.5}{\376\377\0007\000.\0005\000\040\220\032\217\307\000\040\000\040\166\204\120\117\135\356\000-\145\271\135\356\147\103\210\141}{section.7}% 37
\BOOKMARK [1][]{section.8}{\376\377\0008\000\040\164\006\211\343\000\040\000P\000P\000O\000\040\166\356\150\007\146\362\176\277}{}% 38
\BOOKMARK [2][]{subsection.8.1}{\376\377\0008\000.\0001\000\040\154\277\173\126\165\145\146\364\145\260\145\271\124\021\166\204\143\322\120\074}{section.8}% 39
\BOOKMARK [2][]{subsection.8.2}{\376\377\0008\000.\0002\000\040\226\005\213\373\126\376\210\150\377\032\146\362\176\277\220\020\147\141}{section.8}% 40
\BOOKMARK [2][]{subsection.8.3}{\376\377\0008\000.\0003\000\040\116\072\116\300\116\110\176\242\176\277\116\013\226\115\377\037\377\010\000"\116\013\165\114\000"\166\364\211\311\377\011}{section.8}% 41
\BOOKMARK [2][]{subsection.8.4}{\376\377\0008\000.\0004\000\040\176\310\147\201\124\057\171\072}{section.8}% 42
\BOOKMARK [1][]{section.9}{\376\377\0009\000\040\000P\000P\000O\000\040\116\055\166\204\000\040\000O\000n\000-\000P\000o\000l\000i\000c\000y\000\040\116\016\000\040\000O\000f\000f\000-\000P\000o\000l\000i\000c\000y}{}% 43
\BOOKMARK [2][]{subsection.9.1}{\376\377\0009\000.\0001\000\040\157\204\156\005\124\175\124\015\154\325}{section.9}% 44
\BOOKMARK [2][]{subsection.9.2}{\376\377\0009\000.\0002\000\040\145\160\133\146\147\037\147\033\176\246\147\137}{section.9}% 45
\BOOKMARK [2][]{subsection.9.3}{\376\377\0009\000.\0003\000\040\116\072\116\300\116\110\150\007\121\306\000\040\000P\000G\000\040\127\050\221\315\165\050\145\160\143\156\116\012\131\061\215\045}{section.9}% 46
\BOOKMARK [2][]{subsection.9.4}{\376\377\0009\000.\0004\000\040\000P\000P\000O\000\040\131\202\117\125\121\113\147\015\217\331\116\052\377\010\221\315\211\201\140\047\221\307\150\067\377\011}{section.9}% 47
\BOOKMARK [2][]{subsection.9.5}{\376\377\0009\000.\0005\000\040\211\343\121\263\117\140\121\163\116\216\116\015\121\306\170\156\117\030\122\277\121\375\145\160\166\204\211\302\160\271}{section.9}% 48
\BOOKMARK [1][]{section.10}{\376\377\0001\0000\000\040\000P\000P\000O\000\040\173\227\154\325\155\101\172\013}{}% 49
\BOOKMARK [2][]{subsection.10.1}{\376\377\0001\0000\000.\0001\000\040\211\343\170\001\117\030\123\026\143\007\116\344}{section.10}% 50
\BOOKMARK [2][]{subsection.10.2}{\376\377\0001\0000\000.\0002\000\040\133\236\226\105\220\020\153\145\155\101\172\013}{section.10}% 51
\BOOKMARK [2][]{subsection.10.3}{\376\377\0001\0000\000.\0003\000\040\210\301\122\152\131\202\117\125\226\120\122\066\146\364\145\260\166\204\137\256\171\357\122\006}{section.10}% 52
\BOOKMARK [1][]{section.11}{\376\377\0001\0001\000\040\133\214\145\164\000\040\000P\000P\000O\000\040\133\236\163\260}{}% 53
\BOOKMARK [2][]{subsection.11.1}{\376\377\0001\0001\000.\0001\000\040\000P\000y\000T\000o\000r\000c\000h\000\040\133\236\163\260\116\016\213\346\176\306\154\350\221\312}{section.11}% 54
\BOOKMARK [2][]{subsection.11.2}{\376\377\0001\0001\000.\0002\000\040\215\205\123\302\145\160\124\053\116\111}{section.11}% 55
\BOOKMARK [1][]{section.12}{\376\377\0001\0002\000\040\133\236\215\365\230\171\166\356\143\250\203\120}{}% 56
\BOOKMARK [2][]{subsection.12.1}{\376\377\0001\0002\000.\0001\000\040\230\171\166\356\000\040\0001\377\032\000L\000u\000n\000a\000r\000L\000a\000n\000d\000e\000r\000-\000v\0003\377\010\171\273\145\143\143\247\122\066\377\011}{section.12}% 57
\BOOKMARK [2][]{subsection.12.2}{\376\377\0001\0002\000.\0002\000\040\230\171\166\356\000\040\0002\377\032\000B\000i\000p\000e\000d\000a\000l\000W\000a\000l\000k\000e\000r\000-\000v\0003\377\010\217\336\176\355\143\247\122\066\217\307\156\041\377\011}{section.12}% 58
\BOOKMARK [2][]{subsection.12.3}{\376\377\0001\0002\000.\0003\000\040\230\171\166\356\000\040\0003\377\032\000A\000t\000a\000r\000i\000\040\000P\000o\000n\000g\377\010\127\372\116\216\211\306\211\311\166\204\000\040\000R\000L\377\011}{section.12}% 59
\BOOKMARK [2][]{subsection.12.4}{\376\377\0001\0002\000.\0004\000\040\230\171\166\356\000\040\0004\377\032\201\352\133\232\116\111\116\244\146\023\163\257\130\203}{section.12}% 60
\BOOKMARK [1][]{section.13}{\376\377\0001\0003\000\040\226\104\137\125\000\040\000A\377\032\145\160\133\146\135\345\121\167}{}% 61
\BOOKMARK [2][]{subsection.13.1}{\376\377\0001\0003\000.\0001\000\040\226\217\147\072\150\257\136\246\116\013\226\115\000\040\000\050\000S\000G\000D\000\051}{section.13}% 62
\BOOKMARK [2][]{subsection.13.2}{\376\377\0001\0003\000.\0002\000\040\000n\000n\000.\000T\000a\000n\000h\000\050\000\051\000\040\157\300\155\073\121\375\145\160}{section.13}% 63
\BOOKMARK [1][]{section.14}{\376\377\0001\0004\000\040\226\104\137\125\000\040\000B\377\032\173\046\123\367\210\150}{}% 64
\BOOKMARK [1][]{section.15}{\376\377\0001\0005\000\040\123\302\200\003\145\207\163\056}{}% 65
\BOOKMARK [1][]{section.16}{\376\377\0001\0006\000\040\117\134\200\005\117\341\140\157}{}% 66
