\BOOKMARK [1][]{section.1}{\376\377\0001\000\040\200\314\146\157\116\016\122\250\147\072}{}% 1
\BOOKMARK [2][]{subsection.1.1}{\376\377\0001\000.\0001\000\040\116\316\000\040\000V\000a\000l\000u\000e\000-\000B\000a\000s\000e\000d\000\040\122\060\000\040\000P\000o\000l\000i\000c\000y\000-\000B\000a\000s\000e\000d}{section.1}% 2
\BOOKMARK [2][]{subsection.1.2}{\376\377\0001\000.\0002\000\040\173\126\165\145\150\257\136\246\166\204\150\070\137\303\140\035\140\363}{section.1}% 3
\BOOKMARK [1][]{section.2}{\376\377\0002\000\040\150\070\137\303\133\232\116\111\116\016\173\046\123\367\117\123\174\373}{}% 4
\BOOKMARK [2][]{subsection.2.1}{\376\377\0002\000.\0001\000\040\217\150\217\371\377\010\000T\000r\000a\000j\000e\000c\000t\000o\000r\000y\377\011\166\204\133\232\116\111}{section.2}% 5
\BOOKMARK [2][]{subsection.2.2}{\376\377\0002\000.\0002\000\040\217\150\217\371\151\202\163\207\122\006\211\343}{section.2}% 6
\BOOKMARK [2][]{subsection.2.3}{\376\377\0002\000.\0003\000\040\166\356\150\007\121\375\145\160}{section.2}% 7
\BOOKMARK [1][]{section.3}{\376\377\0003\000\040\150\257\136\246\143\250\133\374\377\010\220\020\153\145\377\011}{}% 8
\BOOKMARK [2][]{subsection.3.1}{\376\377\0003\000.\0001\000\040\173\054\116\000\153\145\377\032\133\371\166\356\150\007\121\375\145\160\154\102\133\374}{section.3}% 9
\BOOKMARK [2][]{subsection.3.2}{\376\377\0003\000.\0002\000\040\173\054\116\214\153\145\377\032\133\371\145\160\133\374\145\160\142\200\135\347\377\010\000L\000i\000k\000e\000l\000i\000h\000o\000o\000d\000\040\000R\000a\000t\000i\000o\000\040\000T\000r\000i\000c\000k\377\011}{section.3}% 10
\BOOKMARK [2][]{subsection.3.3}{\376\377\0003\000.\0003\000\040\173\054\116\011\153\145\377\032\134\125\137\000\000\040\000p\000\050\000|\000\051}{section.3}% 11
\BOOKMARK [2][]{subsection.3.4}{\376\377\0003\000.\0004\000\040\173\054\126\333\153\145\377\032\137\227\122\060\123\237\131\313\150\257\136\246\121\154\137\017}{section.3}% 12
\BOOKMARK [1][]{section.4}{\376\377\0004\000\040\126\340\147\234\137\213\116\016\150\257\136\246\173\200\123\026}{}% 13
\BOOKMARK [2][]{subsection.4.1}{\376\377\0004\000.\0001\000\040\225\356\230\230\377\032\217\307\123\273\131\126\122\261\116\015\136\224\137\161\124\315\137\123\122\115\122\250\117\134}{section.4}% 14
\BOOKMARK [2][]{subsection.4.2}{\376\377\0004\000.\0002\000\040\116\045\150\074\213\301\146\016}{section.4}% 15
\BOOKMARK [2][]{subsection.4.3}{\376\377\0004\000.\0003\000\040\173\200\123\026\124\016\166\204\150\257\136\246\121\154\137\017}{section.4}% 16
\BOOKMARK [1][]{section.5}{\376\377\0005\000\040\000R\000E\000I\000N\000F\000O\000R\000C\000E\000\040\173\227\154\325}{}% 17
\BOOKMARK [2][]{subsection.5.1}{\376\377\0005\000.\0001\000\040\116\316\121\154\137\017\122\060\173\227\154\325}{section.5}% 18
\BOOKMARK [2][]{subsection.5.2}{\376\377\0005\000.\0002\000\040\133\214\145\164\173\227\154\325\155\101\172\013\377\010\117\052\116\343\170\001\377\011}{section.5}% 19
\BOOKMARK [2][]{subsection.5.3}{\376\377\0005\000.\0003\000\040\166\364\211\302\164\006\211\343}{section.5}% 20
\BOOKMARK [2][]{subsection.5.4}{\376\377\0005\000.\0004\000\040\000R\000E\000I\000N\000F\000O\000R\000C\000E\000\040\166\204\145\271\135\356\225\356\230\230}{section.5}% 21
\BOOKMARK [1][]{section.6}{\376\377\0006\000\040\145\271\135\356\121\317\134\017\142\200\147\057\040\024\040\024\000B\000a\000s\000e\000l\000i\000n\000e}{}% 22
\BOOKMARK [2][]{subsection.6.1}{\376\377\0006\000.\0001\000\040\121\150\153\143\000/\121\150\215\037\131\126\122\261\116\137\200\375\135\345\117\134\166\204\123\237\126\340}{section.6}% 23
\BOOKMARK [2][]{subsection.6.2}{\376\377\0006\000.\0002\000\040\000B\000a\000s\000e\000l\000i\000n\000e\000\040\166\204\153\143\170\156\140\047\377\032\116\015\137\161\124\315\147\037\147\033\120\074}{section.6}% 24
\BOOKMARK [2][]{subsection.6.3}{\376\377\0006\000.\0003\000\040\145\071\217\333\124\016\166\204\150\257\136\246\117\060\213\241}{section.6}% 25
\BOOKMARK [2][]{subsection.6.4}{\376\377\0006\000.\0004\000\040\116\072\116\300\116\110\000\040\000b\000a\000s\000e\000l\000i\000n\000e\000\040\136\070\165\050\000\040\000V\000\050\000s\000\051\000\040\200\014\116\015\146\057\000\040\000Q\000\050\000s\000,\000a\000\051\377\037}{section.6}% 26
\BOOKMARK [1][]{section.7}{\376\377\0007\000\040\217\336\176\355\122\250\117\134\172\172\225\364\166\204\131\004\164\006}{}% 27
\BOOKMARK [2][]{subsection.7.1}{\376\377\0007\000.\0001\000\040\171\273\145\143\000\040\000v\000s\000\040\217\336\176\355\166\204\147\054\215\050\123\072\122\053}{section.7}% 28
\BOOKMARK [2][]{subsection.7.2}{\376\377\0007\000.\0002\000\040\171\136\176\317\177\121\176\334\217\223\121\372\122\006\136\003\123\302\145\160}{section.7}% 29
\BOOKMARK [2][]{subsection.7.3}{\376\377\0007\000.\0003\000\040\232\330\145\257\173\126\165\145\166\204\133\371\145\160\151\202\163\207\150\257\136\246}{section.7}% 30
\BOOKMARK [2][]{subsection.7.4}{\376\377\0007\000.\0004\000\040\116\072\116\300\116\110\116\015\227\000\211\201\220\115\123\206\145\340\172\167\122\250\117\134\172\172\225\364\377\037}{section.7}% 31
\BOOKMARK [1][]{section.8}{\376\377\0008\000\040\145\160\120\074\134\017\117\213\133\120}{}% 32
\BOOKMARK [2][]{subsection.8.1}{\376\377\0008\000.\0001\000\040\163\257\130\203\213\276\133\232}{section.8}% 33
\BOOKMARK [2][]{subsection.8.2}{\376\377\0008\000.\0002\000\040\122\035\131\313\173\126\165\145\123\302\145\160}{section.8}% 34
\BOOKMARK [2][]{subsection.8.3}{\376\377\0008\000.\0003\000\040\123\125\147\141\217\150\217\371\221\307\150\067}{section.8}% 35
\BOOKMARK [2][]{subsection.8.4}{\376\377\0008\000.\0004\000\040\150\257\136\246\213\241\173\227\220\020\230\171\134\125\137\000}{section.8}% 36
\BOOKMARK [2][]{subsection.8.5}{\376\377\0008\000.\0005\000\040\123\302\145\160\146\364\145\260}{section.8}% 37
\BOOKMARK [2][]{subsection.8.6}{\376\377\0008\000.\0006\000\040\146\364\145\260\122\115\124\016\173\126\165\145\133\371\153\324}{section.8}% 38
\BOOKMARK [1][]{section.9}{\376\377\0009\000\040\116\343\170\001\133\236\163\260\116\016\133\236\142\030\230\171\166\356}{}% 39
\BOOKMARK [2][]{subsection.9.1}{\376\377\0009\000.\0001\000\040\000P\000y\000T\000o\000r\000c\000h\000\040\000R\000E\000I\000N\000F\000O\000R\000C\000E\000\040\133\214\145\164\116\343\170\001}{section.9}% 40
\BOOKMARK [2][]{subsection.9.2}{\376\377\0009\000.\0002\000\040\143\250\203\120\133\236\142\030\230\171\166\356\117\134\116\032}{section.9}% 41
\BOOKMARK [3][]{subsubsection.9.2.1}{\376\377\0009\000.\0002\000.\0001\000\040\117\134\116\032\000\040\0001\377\032\217\146\147\106\136\163\210\141\123\107\176\247\162\110\040\024\040\024\137\025\121\145\217\336\176\355\122\250\117\134\143\247\122\066\377\010\121\145\225\350\377\011}{subsection.9.2}% 42
\BOOKMARK [3][]{subsubsection.9.2.2}{\376\377\0009\000.\0002\000.\0002\000\040\117\134\116\032\000\040\0002\377\032\176\317\121\170\210\127\147\072\134\017\156\070\142\017\040\024\040\024\120\317\175\040\217\223\121\145\116\013\166\204\000\040\000P\000o\000n\000g\377\010\217\333\226\066\377\011}{subsection.9.2}% 43
\BOOKMARK [3][]{subsubsection.9.2.3}{\376\377\0009\000.\0002\000.\0003\000\040\117\134\116\032\000\040\0003\377\032\142\113\121\231\232\330\176\364\217\336\176\355\122\250\117\134\143\021\142\030\040\024\040\024\123\314\215\263\147\072\126\150\116\272\210\114\215\160\377\010\232\330\226\066\377\011}{subsection.9.2}% 44
\BOOKMARK [1][]{section.10}{\376\377\0001\0000\000\040\135\345\172\013\133\236\215\365\377\032\150\007\121\306\123\026\116\016\214\003\123\302}{}% 45
\BOOKMARK [2][]{subsection.10.1}{\376\377\0001\0000\000.\0001\000\040\142\171\153\041\176\247\127\372\176\277\121\317\154\325\116\016\145\271\135\356\177\051\145\076}{section.10}% 46
\BOOKMARK [3][]{subsubsection.10.1.1}{\376\377\0001\0000\000.\0001\000.\0001\000\040\121\317\123\273\127\107\120\074\377\032\122\250\140\001\127\372\176\277\166\204\162\151\164\006\137\025\121\145}{subsection.10.1}% 47
\BOOKMARK [3][]{subsubsection.10.1.2}{\376\377\0001\0000\000.\0001\000.\0002\000\040\226\144\116\345\150\007\121\306\135\356\377\032\150\257\136\246\136\163\172\063\123\026}{subsection.10.1}% 48
\BOOKMARK [3][]{subsubsection.10.1.3}{\376\377\0001\0000\000.\0001\000.\0003\000\040\116\076\117\213\377\032\122\250\142\113\173\227\116\000\220\115}{subsection.10.1}% 49
\BOOKMARK [2][]{subsection.10.2}{\376\377\0001\0000\000.\0002\000\040\000P\000G\000\040\173\227\154\325\146\057\000\040\000O\000n\000-\000p\000o\000l\000i\000c\000y\000\040\124\027\377\037}{section.10}% 50
\BOOKMARK [2][]{subsection.10.3}{\376\377\0001\0000\000.\0003\000\040\133\146\116\140\163\207\377\010\000L\000e\000a\000r\000n\000i\000n\000g\000\040\000R\000a\000t\000e\377\011\166\204\213\276\177\156\213\262\172\166}{section.10}% 51
\BOOKMARK [2][]{subsection.10.4}{\376\377\0001\0000\000.\0004\000\040\142\230\142\143\126\340\133\120\377\010\000G\000a\000m\000m\000a\377\011\166\204\213\276\177\156\213\262\172\166}{section.10}% 52
\BOOKMARK [1][]{appendix.A}{\376\377\000A\000\040\226\104\137\125}{}% 53
\BOOKMARK [2][]{subsection.A.1}{\376\377\000A\000.\0001\000\040\150\070\137\303\121\154\137\017\154\107\140\073}{appendix.A}% 54
\BOOKMARK [2][]{subsection.A.2}{\376\377\000A\000.\0002\000\040\173\046\123\367\210\150}{appendix.A}% 55
