\BOOKMARK [1][]{section.1}{\376\377\0001\000\040\000B\000a\000c\000k\000g\000r\000o\000u\000n\000d\000\040\000a\000n\000d\000\040\000M\000o\000t\000i\000v\000a\000t\000i\000o\000n}{}% 1
\BOOKMARK [2][]{subsection.1.1}{\376\377\0001\000.\0001\000\040\000L\000i\000m\000i\000t\000a\000t\000i\000o\000n\000s\000\040\000o\000f\000\040\000S\000t\000a\000n\000d\000a\000r\000d\000\040\000R\000e\000i\000n\000f\000o\000r\000c\000e\000m\000e\000n\000t\000\040\000L\000e\000a\000r\000n\000i\000n\000g}{section.1}% 2
\BOOKMARK [2][]{subsection.1.2}{\376\377\0001\000.\0002\000\040\000M\000a\000x\000i\000m\000u\000m\000\040\000E\000n\000t\000r\000o\000p\000y\000\040\000R\000e\000i\000n\000f\000o\000r\000c\000e\000m\000e\000n\000t\000\040\000L\000e\000a\000r\000n\000i\000n\000g\000\040\000F\000r\000a\000m\000e\000w\000o\000r\000k}{section.1}% 3
\BOOKMARK [2][]{subsection.1.3}{\376\377\0001\000.\0003\000\040\000W\000h\000y\000\040\000E\000n\000t\000r\000o\000p\000y\000\040\000R\000e\000g\000u\000l\000a\000r\000i\000z\000a\000t\000i\000o\000n\000?}{section.1}% 4
\BOOKMARK [1][]{section.2}{\376\377\0002\000\040\000T\000h\000e\000\040\000M\000a\000x\000i\000m\000u\000m\000\040\000E\000n\000t\000r\000o\000p\000y\000\040\000O\000b\000j\000e\000c\000t\000i\000v\000e}{}% 5
\BOOKMARK [2][]{subsection.2.1}{\376\377\0002\000.\0001\000\040\000S\000t\000a\000n\000d\000a\000r\000d\000\040\000R\000L\000\040\000O\000b\000j\000e\000c\000t\000i\000v\000e}{section.2}% 6
\BOOKMARK [2][]{subsection.2.2}{\376\377\0002\000.\0002\000\040\000E\000n\000t\000r\000o\000p\000y\000-\000A\000u\000g\000m\000e\000n\000t\000e\000d\000\040\000O\000b\000j\000e\000c\000t\000i\000v\000e}{section.2}% 7
\BOOKMARK [2][]{subsection.2.3}{\376\377\0002\000.\0003\000\040\000T\000h\000e\000\040\000T\000e\000m\000p\000e\000r\000a\000t\000u\000r\000e\000\040\000P\000a\000r\000a\000m\000e\000t\000e\000r\000\040}{section.2}% 8
\BOOKMARK [2][]{subsection.2.4}{\376\377\0002\000.\0004\000\040\000S\000h\000a\000n\000n\000o\000n\000\040\000E\000n\000t\000r\000o\000p\000y\000\040\000D\000e\000f\000i\000n\000i\000t\000i\000o\000n}{section.2}% 9
\BOOKMARK [1][]{section.3}{\376\377\0003\000\040\000S\000o\000f\000t\000\040\000V\000a\000l\000u\000e\000\040\000F\000u\000n\000c\000t\000i\000o\000n\000s}{}% 10
\BOOKMARK [2][]{subsection.3.1}{\376\377\0003\000.\0001\000\040\000S\000o\000f\000t\000\040\000Q\000-\000F\000u\000n\000c\000t\000i\000o\000n\000:\000\040\000D\000e\000f\000i\000n\000i\000t\000i\000o\000n\000\040\000a\000n\000d\000\040\000I\000n\000t\000u\000i\000t\000i\000o\000n}{section.3}% 11
\BOOKMARK [2][]{subsection.3.2}{\376\377\0003\000.\0002\000\040\000S\000o\000f\000t\000\040\000V\000-\000F\000u\000n\000c\000t\000i\000o\000n\000:\000\040\000D\000e\000f\000i\000n\000i\000t\000i\000o\000n\000\040\000a\000n\000d\000\040\000I\000n\000t\000u\000i\000t\000i\000o\000n}{section.3}% 12
\BOOKMARK [2][]{subsection.3.3}{\376\377\0003\000.\0003\000\040\000R\000e\000l\000a\000t\000i\000o\000n\000s\000h\000i\000p\000\040\000B\000e\000t\000w\000e\000e\000n\000\040\000S\000o\000f\000t\000\040\000Q\000\040\000a\000n\000d\000\040\000S\000o\000f\000t\000\040\000V}{section.3}% 13
\BOOKMARK [2][]{subsection.3.4}{\376\377\0003\000.\0004\000\040\000T\000h\000e\000\040\000S\000o\000f\000t\000\040\000B\000e\000l\000l\000m\000a\000n\000\040\000E\000q\000u\000a\000t\000i\000o\000n}{section.3}% 14
\BOOKMARK [1][]{section.4}{\376\377\0004\000\040\000S\000o\000f\000t\000\040\000P\000o\000l\000i\000c\000y\000\040\000I\000t\000e\000r\000a\000t\000i\000o\000n}{}% 15
\BOOKMARK [2][]{subsection.4.1}{\376\377\0004\000.\0001\000\040\000O\000v\000e\000r\000v\000i\000e\000w\000:\000\040\000T\000w\000o\000-\000S\000t\000e\000p\000\040\000A\000l\000t\000e\000r\000n\000a\000t\000i\000n\000g\000\040\000P\000r\000o\000c\000e\000s\000s}{section.4}% 16
\BOOKMARK [2][]{subsection.4.2}{\376\377\0004\000.\0002\000\040\000S\000o\000f\000t\000\040\000P\000o\000l\000i\000c\000y\000\040\000E\000v\000a\000l\000u\000a\000t\000i\000o\000n\000:\000\040\000T\000h\000e\000\040\000C\000o\000n\000t\000r\000a\000c\000t\000i\000o\000n\000\040\000O\000p\000e\000r\000a\000t\000o\000r}{section.4}% 17
\BOOKMARK [2][]{subsection.4.3}{\376\377\0004\000.\0003\000\040\000S\000o\000f\000t\000\040\000P\000o\000l\000i\000c\000y\000\040\000I\000m\000p\000r\000o\000v\000e\000m\000e\000n\000t\000:\000\040\000C\000o\000n\000s\000t\000r\000a\000i\000n\000e\000d\000\040\000O\000p\000t\000i\000m\000i\000z\000a\000t\000i\000o\000n}{section.4}% 18
\BOOKMARK [2][]{subsection.4.4}{\376\377\0004\000.\0004\000\040\000T\000h\000e\000\040\000P\000a\000r\000t\000i\000t\000i\000o\000n\000\040\000F\000u\000n\000c\000t\000i\000o\000n\000\040\000Z\000\050\000s\000\051\000\040\000a\000n\000d\000\040\000N\000o\000r\000m\000a\000l\000i\000z\000a\000t\000i\000o\000n}{section.4}% 19
\BOOKMARK [2][]{subsection.4.5}{\376\377\0004\000.\0005\000\040\000K\000L\000\040\000D\000i\000v\000e\000r\000g\000e\000n\000c\000e\000\040\000P\000r\000o\000j\000e\000c\000t\000i\000o\000n\000\040\000\050\000I\000n\000f\000o\000r\000m\000a\000t\000i\000o\000n\000\040\000P\000r\000o\000j\000e\000c\000t\000i\000o\000n\000\051}{section.4}% 20
\BOOKMARK [2][]{subsection.4.6}{\376\377\0004\000.\0006\000\040\000M\000a\000t\000h\000e\000m\000a\000t\000i\000c\000a\000l\000\040\000P\000r\000o\000o\000f\000\040\000o\000f\000\040\000M\000o\000n\000o\000t\000o\000n\000i\000c\000\040\000I\000m\000p\000r\000o\000v\000e\000m\000e\000n\000t}{section.4}% 21
\BOOKMARK [1][]{section.5}{\376\377\0005\000\040\000F\000u\000n\000c\000t\000i\000o\000n\000\040\000A\000p\000p\000r\000o\000x\000i\000m\000a\000t\000i\000o\000n}{}% 22
\BOOKMARK [2][]{subsection.5.1}{\376\377\0005\000.\0001\000\040\000N\000e\000u\000r\000a\000l\000\040\000N\000e\000t\000w\000o\000r\000k\000\040\000A\000r\000c\000h\000i\000t\000e\000c\000t\000u\000r\000e}{section.5}% 23
\BOOKMARK [2][]{subsection.5.2}{\376\377\0005\000.\0002\000\040\000C\000r\000i\000t\000i\000c\000\040\000N\000e\000t\000w\000o\000r\000k\000\040\000L\000o\000s\000s\000\040\000\050\000Q\000-\000N\000e\000t\000w\000o\000r\000k\000\051}{section.5}% 24
\BOOKMARK [2][]{subsection.5.3}{\376\377\0005\000.\0003\000\040\000A\000c\000t\000o\000r\000\040\000N\000e\000t\000w\000o\000r\000k\000\040\000L\000o\000s\000s\000\040\000\050\000-\000N\000e\000t\000w\000o\000r\000k\000\051}{section.5}% 25
\BOOKMARK [2][]{subsection.5.4}{\376\377\0005\000.\0004\000\040\000T\000h\000e\000\040\000R\000e\000p\000a\000r\000a\000m\000e\000t\000e\000r\000i\000z\000a\000t\000i\000o\000n\000\040\000T\000r\000i\000c\000k}{section.5}% 26
\BOOKMARK [1][]{section.6}{\376\377\0006\000\040\000T\000h\000e\000\040\000T\000a\000n\000h\000\040\000C\000o\000r\000r\000e\000c\000t\000i\000o\000n\000\040\000T\000e\000r\000m}{}% 27
\BOOKMARK [2][]{subsection.6.1}{\376\377\0006\000.\0001\000\040\000W\000h\000y\000\040\000W\000e\000\040\000N\000e\000e\000d\000\040\000T\000a\000n\000h\000\040\000S\000q\000u\000a\000s\000h\000i\000n\000g}{section.6}% 28
\BOOKMARK [2][]{subsection.6.2}{\376\377\0006\000.\0002\000\040\000C\000h\000a\000n\000g\000e\000-\000o\000f\000-\000V\000a\000r\000i\000a\000b\000l\000e\000s\000\040\000F\000o\000r\000m\000u\000l\000a}{section.6}% 29
\BOOKMARK [2][]{subsection.6.3}{\376\377\0006\000.\0003\000\040\000J\000a\000c\000o\000b\000i\000a\000n\000\040\000D\000e\000t\000e\000r\000m\000i\000n\000a\000n\000t\000\040\000f\000o\000r\000\040\000D\000i\000a\000g\000o\000n\000a\000l\000\040\000G\000a\000u\000s\000s\000i\000a\000n}{section.6}% 30
\BOOKMARK [2][]{subsection.6.4}{\376\377\0006\000.\0004\000\040\000D\000e\000r\000i\000v\000i\000n\000g\000\040\000t\000h\000e\000\040\000F\000i\000n\000a\000l\000\040\000L\000o\000g\000-\000L\000i\000k\000e\000l\000i\000h\000o\000o\000d}{section.6}% 31
\BOOKMARK [2][]{subsection.6.5}{\376\377\0006\000.\0005\000\040\000S\000t\000a\000b\000l\000e\000\040\000N\000u\000m\000e\000r\000i\000c\000a\000l\000\040\000I\000m\000p\000l\000e\000m\000e\000n\000t\000a\000t\000i\000o\000n}{section.6}% 32
\BOOKMARK [1][]{section.7}{\376\377\0007\000\040\000A\000u\000t\000o\000m\000a\000t\000i\000c\000\040\000E\000n\000t\000r\000o\000p\000y\000\040\000T\000u\000n\000i\000n\000g}{}% 33
\BOOKMARK [2][]{subsection.7.1}{\376\377\0007\000.\0001\000\040\000C\000o\000n\000s\000t\000r\000a\000i\000n\000e\000d\000\040\000F\000o\000r\000m\000u\000l\000a\000t\000i\000o\000n}{section.7}% 34
\BOOKMARK [2][]{subsection.7.2}{\376\377\0007\000.\0002\000\040\000L\000a\000g\000r\000a\000n\000g\000e\000\040\000M\000u\000l\000t\000i\000p\000l\000i\000e\000r\000\040\000M\000e\000t\000h\000o\000d}{section.7}% 35
\BOOKMARK [2][]{subsection.7.3}{\376\377\0007\000.\0003\000\040\000T\000h\000e\000\040\000\040\000U\000p\000d\000a\000t\000e\000\040\000L\000o\000s\000s\000\040\000F\000u\000n\000c\000t\000i\000o\000n}{section.7}% 36
\BOOKMARK [2][]{subsection.7.4}{\376\377\0007\000.\0004\000\040\000D\000y\000n\000a\000m\000i\000c\000s\000\040\000o\000f\000\040\000\040\000A\000d\000a\000p\000t\000a\000t\000i\000o\000n}{section.7}% 37
\BOOKMARK [2][]{subsection.7.5}{\376\377\0007\000.\0005\000\040\000C\000h\000o\000o\000s\000i\000n\000g\000\040\000T\000a\000r\000g\000e\000t\000\040\000E\000n\000t\000r\000o\000p\000y\000\040}{section.7}% 38
\BOOKMARK [1][]{section.8}{\376\377\0008\000\040\000T\000h\000e\000\040\000P\000a\000r\000t\000i\000t\000i\000o\000n\000\040\000F\000u\000n\000c\000t\000i\000o\000n\000\040\000Z\000\050\000s\000\051\000\040\000i\000n\000\040\000P\000r\000a\000c\000t\000i\000c\000e}{}% 39
\BOOKMARK [2][]{subsection.8.1}{\376\377\0008\000.\0001\000\040\000P\000h\000y\000s\000i\000c\000s\000\040\000O\000r\000i\000g\000i\000n\000:\000\040\000B\000o\000l\000t\000z\000m\000a\000n\000n\000\040\000D\000i\000s\000t\000r\000i\000b\000u\000t\000i\000o\000n}{section.8}% 40
\BOOKMARK [2][]{subsection.8.2}{\376\377\0008\000.\0002\000\040\000W\000h\000y\000\040\000Z\000\050\000s\000\051\000\040\000C\000a\000n\000n\000o\000t\000\040\000B\000e\000\040\000C\000o\000m\000p\000u\000t\000e\000d\000\040\000D\000i\000r\000e\000c\000t\000l\000y}{section.8}% 41
\BOOKMARK [2][]{subsection.8.3}{\376\377\0008\000.\0003\000\040\000T\000h\000e\000\040\000G\000r\000a\000d\000i\000e\000n\000t\000\040\000V\000a\000n\000i\000s\000h\000i\000n\000g\000\040\000T\000r\000i\000c\000k}{section.8}% 42
\BOOKMARK [1][]{section.9}{\376\377\0009\000\040\000A\000c\000t\000o\000r\000-\000C\000r\000i\000t\000i\000c\000\040\000A\000r\000c\000h\000i\000t\000e\000c\000t\000u\000r\000e\000\040\000A\000n\000a\000l\000y\000s\000i\000s}{}% 43
\BOOKMARK [2][]{subsection.9.1}{\376\377\0009\000.\0001\000\040\000W\000h\000y\000\040\000B\000o\000t\000h\000\040\000Q\000-\000N\000e\000t\000w\000o\000r\000k\000\040\000a\000n\000d\000\040\000V\000-\000N\000e\000t\000w\000o\000r\000k\000?\000\040\000\050\000O\000r\000i\000g\000i\000n\000a\000l\000\040\000D\000e\000s\000i\000g\000n\000\051}{section.9}% 44
\BOOKMARK [2][]{subsection.9.2}{\376\377\0009\000.\0002\000\040\000W\000h\000y\000\040\000O\000n\000e\000\040\000N\000e\000t\000w\000o\000r\000k\000\040\000I\000s\000\040\000E\000n\000o\000u\000g\000h\000\040\000\050\000S\000A\000C\000-\000v\0002\000\051}{section.9}% 45
\BOOKMARK [2][]{subsection.9.3}{\376\377\0009\000.\0003\000\040\000T\000h\000e\000\040\000C\000i\000r\000c\000u\000l\000a\000r\000\040\000D\000e\000p\000e\000n\000d\000e\000n\000c\000y\000\040\000P\000r\000o\000b\000l\000e\000m}{section.9}% 46
\BOOKMARK [2][]{subsection.9.4}{\376\377\0009\000.\0004\000\040\000T\000a\000r\000g\000e\000t\000\040\000N\000e\000t\000w\000o\000r\000k\000\040\000a\000n\000d\000\040\000P\000o\000l\000y\000a\000k\000\040\000A\000v\000e\000r\000a\000g\000i\000n\000g}{section.9}% 47
\BOOKMARK [1][]{section.10}{\376\377\0001\0000\000\040\000T\000w\000i\000n\000\040\000Q\000-\000N\000e\000t\000w\000o\000r\000k\000s\000\040\000a\000n\000d\000\040\000O\000v\000e\000r\000e\000s\000t\000i\000m\000a\000t\000i\000o\000n\000\040\000B\000i\000a\000s}{}% 48
\BOOKMARK [2][]{subsection.10.1}{\376\377\0001\0000\000.\0001\000\040\000T\000h\000e\000\040\000M\000a\000x\000i\000m\000i\000z\000a\000t\000i\000o\000n\000\040\000B\000i\000a\000s\000\040\000P\000r\000o\000b\000l\000e\000m}{section.10}% 49
\BOOKMARK [2][]{subsection.10.2}{\376\377\0001\0000\000.\0002\000\040\000M\000a\000t\000h\000e\000m\000a\000t\000i\000c\000a\000l\000\040\000A\000n\000a\000l\000y\000s\000i\000s\000\040\000o\000f\000\040\000E\000r\000r\000o\000r\000\040\000P\000r\000o\000p\000a\000g\000a\000t\000i\000o\000n}{section.10}% 50
\BOOKMARK [2][]{subsection.10.3}{\376\377\0001\0000\000.\0003\000\040\000T\000h\000e\000\040\000M\000i\000n\000i\000m\000u\000m\000\040\000Q\000-\000V\000a\000l\000u\000e\000\040\000T\000r\000i\000c\000k\000\040\000\050\000C\000l\000i\000p\000p\000e\000d\000\040\000D\000o\000u\000b\000l\000e\000-\000Q\000\051}{section.10}% 51
\BOOKMARK [1][]{section.11}{\376\377\0001\0001\000\040\000O\000f\000f\000-\000P\000o\000l\000i\000c\000y\000\040\000v\000s\000\040\000O\000n\000-\000P\000o\000l\000i\000c\000y\000\040\000A\000n\000a\000l\000y\000s\000i\000s}{}% 52
\BOOKMARK [2][]{subsection.11.1}{\376\377\0001\0001\000.\0001\000\040\000W\000h\000y\000\040\000S\000A\000C\000\040\000C\000a\000n\000\040\000B\000e\000\040\000O\000f\000f\000-\000P\000o\000l\000i\000c\000y}{section.11}% 53
\BOOKMARK [2][]{subsection.11.2}{\376\377\0001\0001\000.\0002\000\040\000W\000h\000y\000\040\000P\000P\000O\000\040\000I\000s\000\040\000I\000n\000h\000e\000r\000e\000n\000t\000l\000y\000\040\000O\000n\000-\000P\000o\000l\000i\000c\000y}{section.11}% 54
\BOOKMARK [2][]{subsection.11.3}{\376\377\0001\0001\000.\0003\000\040\000K\000e\000y\000\040\000A\000r\000c\000h\000i\000t\000e\000c\000t\000u\000r\000a\000l\000\040\000D\000i\000f\000f\000e\000r\000e\000n\000c\000e\000s}{section.11}% 55
\BOOKMARK [1][]{section.12}{\376\377\0001\0002\000\040\000I\000m\000p\000l\000e\000m\000e\000n\000t\000a\000t\000i\000o\000n\000\040\000D\000e\000t\000a\000i\000l\000s\000\040\000a\000n\000d\000\040\000E\000n\000g\000i\000n\000e\000e\000r\000i\000n\000g\000\040\000T\000r\000i\000c\000k\000s}{}% 56
\BOOKMARK [2][]{subsection.12.1}{\376\377\0001\0002\000.\0001\000\040\000W\000h\000y\000\040\000P\000r\000e\000d\000i\000c\000t\000\040\000l\000o\000g\000\137\000s\000t\000d\000\040\000I\000n\000s\000t\000e\000a\000d\000\040\000o\000f\000\040\000s\000t\000d}{section.12}% 57
\BOOKMARK [2][]{subsection.12.2}{\376\377\0001\0002\000.\0002\000\040\000C\000l\000a\000m\000p\000i\000n\000g\000\040\000l\000o\000g\000\137\000s\000t\000d\000:\000\040\000[\000-\0002\0000\000,\000\040\0002\000]\000\040\000R\000a\000t\000i\000o\000n\000a\000l\000e}{section.12}% 58
\BOOKMARK [2][]{subsection.12.3}{\376\377\0001\0002\000.\0003\000\040\000T\000h\000e\000\040\000.\000s\000u\000m\000\050\000d\000i\000m\000=\000-\0001\000,\000\040\000k\000e\000e\000p\000d\000i\000m\000=\000T\000r\000u\000e\000\051\000\040\000O\000p\000e\000r\000a\000t\000i\000o\000n}{section.12}% 59
\BOOKMARK [2][]{subsection.12.4}{\376\377\0001\0002\000.\0004\000\040\000E\000x\000p\000l\000o\000r\000a\000t\000i\000o\000n\000\040\000v\000s\000\040\000E\000v\000a\000l\000u\000a\000t\000i\000o\000n\000\040\000M\000o\000d\000e}{section.12}% 60
\BOOKMARK [1][]{section.13}{\376\377\0001\0003\000\040\000C\000o\000m\000p\000l\000e\000t\000e\000\040\000P\000y\000T\000o\000r\000c\000h\000\040\000I\000m\000p\000l\000e\000m\000e\000n\000t\000a\000t\000i\000o\000n}{}% 61
\BOOKMARK [2][]{subsection.13.1}{\376\377\0001\0003\000.\0001\000\040\000R\000e\000p\000l\000a\000y\000\040\000B\000u\000f\000f\000e\000r}{section.13}% 62
\BOOKMARK [2][]{subsection.13.2}{\376\377\0001\0003\000.\0002\000\040\000N\000e\000t\000w\000o\000r\000k\000\040\000D\000e\000f\000i\000n\000i\000t\000i\000o\000n\000s}{section.13}% 63
\BOOKMARK [2][]{subsection.13.3}{\376\377\0001\0003\000.\0003\000\040\000S\000A\000C\000\040\000A\000g\000e\000n\000t}{section.13}% 64
\BOOKMARK [1][]{section.14}{\376\377\0001\0004\000\040\000P\000r\000a\000c\000t\000i\000c\000a\000l\000\040\000P\000r\000o\000j\000e\000c\000t\000s}{}% 65
\BOOKMARK [2][]{subsection.14.1}{\376\377\0001\0004\000.\0001\000\040\000Q\000u\000a\000d\000c\000o\000p\000t\000e\000r\000\040\000/\000\040\000D\000r\000o\000n\000e\000\040\000C\000o\000n\000t\000r\000o\000l}{section.14}% 66
\BOOKMARK [2][]{subsection.14.2}{\376\377\0001\0004\000.\0002\000\040\000A\000u\000t\000o\000n\000o\000m\000o\000u\000s\000\040\000D\000r\000i\000v\000i\000n\000g\000\040\000\046\000\040\000L\000a\000n\000e\000\040\000K\000e\000e\000p\000i\000n\000g}{section.14}% 67
\BOOKMARK [2][]{subsection.14.3}{\376\377\0001\0004\000.\0003\000\040\000B\000i\000p\000e\000d\000a\000l\000\040\000L\000o\000c\000o\000m\000o\000t\000i\000o\000n}{section.14}% 68
\BOOKMARK [2][]{subsection.14.4}{\376\377\0001\0004\000.\0004\000\040\000F\000i\000n\000a\000n\000c\000i\000a\000l\000\040\000P\000o\000r\000t\000f\000o\000l\000i\000o\000\040\000O\000p\000t\000i\000m\000i\000z\000a\000t\000i\000o\000n}{section.14}% 69
\BOOKMARK [1][]{section.15}{\376\377\0001\0005\000\040\000T\000r\000a\000i\000n\000i\000n\000g\000\040\000D\000i\000a\000g\000n\000o\000s\000t\000i\000c\000s}{}% 70
\BOOKMARK [2][]{subsection.15.1}{\376\377\0001\0005\000.\0001\000\040\000U\000n\000d\000e\000r\000s\000t\000a\000n\000d\000i\000n\000g\000\040\000R\000e\000w\000a\000r\000d\000\040\000V\000i\000b\000r\000a\000t\000i\000o\000n}{section.15}% 71
\BOOKMARK [2][]{subsection.15.2}{\376\377\0001\0005\000.\0002\000\040\000T\000h\000e\000\040\000R\000o\000l\000e\000\040\000o\000f\000\040\000R\000a\000n\000d\000o\000m\000i\000z\000e\000d\000\040\000I\000n\000i\000t\000i\000a\000l\000\040\000S\000t\000a\000t\000e\000s}{section.15}% 72
\BOOKMARK [2][]{subsection.15.3}{\376\377\0001\0005\000.\0003\000\040\000H\000o\000w\000\040\000t\000o\000\040\000V\000e\000r\000i\000f\000y\000\040\000T\000r\000u\000e\000\040\000C\000o\000n\000v\000e\000r\000g\000e\000n\000c\000e}{section.15}% 73
\BOOKMARK [1][]{section.16}{\376\377\0001\0006\000\040\000S\000t\000u\000d\000y\000\040\000Q\000u\000i\000z}{}% 74
\BOOKMARK [2][]{subsection.16.1}{\376\377\0001\0006\000.\0001\000\040\000Q\000u\000e\000s\000t\000i\000o\000n\000\040\0001\000:\000\040\000C\000o\000r\000e\000\040\000O\000p\000t\000i\000m\000i\000z\000a\000t\000i\000o\000n\000\040\000O\000b\000j\000e\000c\000t\000i\000v\000e}{section.16}% 75
\BOOKMARK [2][]{subsection.16.2}{\376\377\0001\0006\000.\0002\000\040\000Q\000u\000e\000s\000t\000i\000o\000n\000\040\0002\000:\000\040\000T\000h\000e\000\040\000T\000e\000m\000p\000e\000r\000a\000t\000u\000r\000e\000\040\000P\000a\000r\000a\000m\000e\000t\000e\000r\000\040\000\050\000\051}{section.16}% 76
\BOOKMARK [2][]{subsection.16.3}{\376\377\0001\0006\000.\0003\000\040\000Q\000u\000e\000s\000t\000i\000o\000n\000\040\0003\000:\000\040\000T\000w\000i\000n\000\040\000Q\000-\000F\000u\000n\000c\000t\000i\000o\000n\000s}{section.16}% 77
\BOOKMARK [2][]{subsection.16.4}{\376\377\0001\0006\000.\0004\000\040\000Q\000u\000e\000s\000t\000i\000o\000n\000\040\0004\000:\000\040\000C\000o\000n\000t\000i\000n\000u\000o\000u\000s\000\040\000A\000c\000t\000i\000o\000n\000\040\000S\000p\000a\000c\000e\000s}{section.16}% 78
\BOOKMARK [2][]{subsection.16.5}{\376\377\0001\0006\000.\0005\000\040\000Q\000u\000e\000s\000t\000i\000o\000n\000\040\0005\000:\000\040\000G\000r\000a\000d\000i\000e\000n\000t\000\040\000V\000a\000r\000i\000a\000n\000c\000e}{section.16}% 79
\BOOKMARK [2][]{subsection.16.6}{\376\377\0001\0006\000.\0006\000\040\000Q\000u\000e\000s\000t\000i\000o\000n\000\040\0006\000:\000\040\000S\000o\000f\000t\000\040\000Q\000-\000V\000a\000l\000u\000e\000\040\000T\000a\000r\000g\000e\000t}{section.16}% 80
\BOOKMARK [2][]{subsection.16.7}{\376\377\0001\0006\000.\0007\000\040\000Q\000u\000e\000s\000t\000i\000o\000n\000\040\0007\000:\000\040\000A\000u\000t\000o\000m\000a\000t\000i\000c\000\040\000T\000e\000m\000p\000e\000r\000a\000t\000u\000r\000e\000\040\000A\000d\000j\000u\000s\000t\000m\000e\000n\000t}{section.16}% 81
\BOOKMARK [2][]{subsection.16.8}{\376\377\0001\0006\000.\0008\000\040\000Q\000u\000e\000s\000t\000i\000o\000n\000\040\0008\000:\000\040\000A\000l\000g\000o\000r\000i\000t\000h\000m\000\040\000T\000y\000p\000e}{section.16}% 82
\BOOKMARK [2][]{subsection.16.9}{\376\377\0001\0006\000.\0009\000\040\000Q\000u\000e\000s\000t\000i\000o\000n\000\040\0009\000:\000\040\000B\000e\000n\000e\000f\000i\000t\000s\000\040\000o\000f\000\040\000M\000a\000x\000i\000m\000u\000m\000\040\000E\000n\000t\000r\000o\000p\000y}{section.16}% 83
\BOOKMARK [2][]{subsection.16.10}{\376\377\0001\0006\000.\0001\0000\000\040\000Q\000u\000e\000s\000t\000i\000o\000n\000\040\0001\0000\000:\000\040\000T\000a\000r\000g\000e\000t\000\040\000N\000e\000t\000w\000o\000r\000k\000\040\000U\000p\000d\000a\000t\000e\000s}{section.16}% 84
\BOOKMARK [1][]{appendix.A}{\376\377\000A\000\040\000A\000p\000p\000e\000n\000d\000i\000x\000\040\000A\000:\000\040\000M\000a\000t\000h\000e\000m\000a\000t\000i\000c\000a\000l\000\040\000F\000o\000u\000n\000d\000a\000t\000i\000o\000n\000s}{}% 85
\BOOKMARK [2][]{subsection.A.1}{\376\377\000A\000.\0001\000\040\000K\000u\000l\000l\000b\000a\000c\000k\000-\000L\000e\000i\000b\000l\000e\000r\000\040\000D\000i\000v\000e\000r\000g\000e\000n\000c\000e\000\040\000P\000r\000o\000p\000e\000r\000t\000i\000e\000s}{appendix.A}% 86
\BOOKMARK [2][]{subsection.A.2}{\376\377\000A\000.\0002\000\040\000C\000h\000a\000n\000g\000e\000-\000o\000f\000-\000V\000a\000r\000i\000a\000b\000l\000e\000s\000\040\000F\000o\000r\000m\000u\000l\000a\000\040\000\050\000G\000e\000n\000e\000r\000a\000l\000\040\000F\000o\000r\000m\000\051}{appendix.A}% 87
\BOOKMARK [2][]{subsection.A.3}{\376\377\000A\000.\0003\000\040\000S\000o\000f\000t\000p\000l\000u\000s\000\040\000F\000u\000n\000c\000t\000i\000o\000n\000\040\000S\000t\000a\000b\000l\000e\000\040\000I\000m\000p\000l\000e\000m\000e\000n\000t\000a\000t\000i\000o\000n}{appendix.A}% 88
\BOOKMARK [1][]{appendix.B}{\376\377\000B\000\040\000A\000p\000p\000e\000n\000d\000i\000x\000\040\000B\000:\000\040\000S\000y\000m\000b\000o\000l\000\040\000T\000a\000b\000l\000e}{}% 89
\BOOKMARK [1][]{appendix.C}{\376\377\000C\000\040\000A\000p\000p\000e\000n\000d\000i\000x\000\040\000C\000:\000\040\000C\000o\000r\000e\000\040\000F\000o\000r\000m\000u\000l\000a\000\040\000S\000u\000m\000m\000a\000r\000y}{}% 90
